[    2446ms] [INFO] %cDownload the React DevTools for a better development experience: https://react.dev/link/react-devtools font-weight:bold @ webpack-internal:///(app-pages-browser)/./node_modules/next/dist/compiled/react-dom/cjs/react-dom-client.development.js:25630
[   20382ms] [WARNING] You are trying to animate background from "rgb(240, 240, 240) none repeat scroll 0% 0% / auto padding-box border-box" to "transparent". rgb(240, 240, 240) none repeat scroll 0% 0% / auto padding-box border-box is not an animatable value - to enable this animation set rgb(240, 240, 240) none repeat scroll 0% 0% / auto padding-box border-box to a value animatable to transparent via the `style` property. @ webpack-internal:///(app-pages-browser)/./node_modules/motion-utils/dist/es/errors.mjs:13
[   93769ms] [LOG] [Fast Refresh] rebuilding @ webpack-internal:///(app-pages-browser)/./node_modules/next/dist/client/dev/hot-reloader/app/hot-reloader-app.js:196
[   95484ms] [ERROR] ./src/components/AppOrchestrator.tsx
Module parse failed: Identifier 'stability' has already been declared (134:10)
|     }["AppOrchestrator.useCallback[clearSave]"], []);
|     // Timeline stability change feedback
>     const stability = state.timelineState.stability;
|     const prevStability = useRef(stability);
|     const [toast, setToast] = useState(null);

Import trace for requested module:
./src/components/AppOrchestrator.tsx
./src/app/page.tsx @ webpack-internal:///(app-pages-browser)/./node_modules/next/dist/next-devtools/userspace/app/errors/intercept-console-error.js:56
[   95586ms] [LOG] {file: Object} @ webpack-internal:///(app-pages-browser)/./node_modules/next/dist/compiled/next-devtools/index.js:1630
[  112858ms] [ERROR] ./src/components/AppOrchestrator.tsx
Module parse failed: Identifier 'stability' has already been declared (136:10)
|     }["AppOrchestrator.useCallback[clearSave]"], []);
|     // Timeline stability change feedback
>     const stability = state.timelineState.stability;
|     const prevStability = useRef(stability);
|     const [toast, setToast] = useState(null);

Import trace for requested module:
./src/components/AppOrchestrator.tsx
./src/app/page.tsx @ webpack-internal:///(app-pages-browser)/./node_modules/next/dist/next-devtools/userspace/app/errors/intercept-console-error.js:56
[  112919ms] [LOG] {file: Object} @ webpack-internal:///(app-pages-browser)/./node_modules/next/dist/compiled/next-devtools/index.js:1630
[  112943ms] [LOG] [Fast Refresh] rebuilding @ webpack-internal:///(app-pages-browser)/./node_modules/next/dist/client/dev/hot-reloader/app/hot-reloader-app.js:196
[  115515ms] [ERROR] ./src/components/AppOrchestrator.tsx
Module parse failed: Identifier 'stability' has already been declared (140:10)
|     }["AppOrchestrator.useCallback[clearSave]"], []);
|     // Timeline stability change feedback
>     const stability = state.timelineState.stability;
|     const prevStability = useRef(stability);
|     const [toast, setToast] = useState(null);

Import trace for requested module:
./src/components/AppOrchestrator.tsx
./src/app/page.tsx @ webpack-internal:///(app-pages-browser)/./node_modules/next/dist/next-devtools/userspace/app/errors/intercept-console-error.js:56
[  115527ms] [LOG] {file: Object} @ webpack-internal:///(app-pages-browser)/./node_modules/next/dist/compiled/next-devtools/index.js:1630
[  145669ms] [ERROR] ./src/components/AppOrchestrator.tsx
Module parse failed: Identifier 'stability' has already been declared (144:10)
|     }["AppOrchestrator.useCallback[clearSave]"], []);
|     // Timeline stability change feedback
>     const stability = state.timelineState.stability;
|     const prevStability = useRef(stability);
|     const [toast, setToast] = useState(null);

Import trace for requested module:
./src/components/AppOrchestrator.tsx
./src/app/page.tsx @ webpack-internal:///(app-pages-browser)/./node_modules/next/dist/next-devtools/userspace/app/errors/intercept-console-error.js:56
[  145672ms] [LOG] [Fast Refresh] rebuilding @ webpack-internal:///(app-pages-browser)/./node_modules/next/dist/client/dev/hot-reloader/app/hot-reloader-app.js:196
[  145682ms] [LOG] {file: Object} @ webpack-internal:///(app-pages-browser)/./node_modules/next/dist/compiled/next-devtools/index.js:1630
[  146295ms] [ERROR] ./src/components/AppOrchestrator.tsx
Module parse failed: Identifier 'prevTierLabel' has already been declared (269:10)
|     ]);
|     // Watch stability tier crossings — log specific text with actual values
>     const prevTierLabel = useRef(getTier(stability).label);
|     const prevTierStability = useRef(stability);
|     useEffect({

Import trace for requested module:
./src/components/AppOrchestrator.tsx
./src/app/page.tsx @ webpack-internal:///(app-pages-browser)/./node_modules/next/dist/next-devtools/userspace/app/errors/intercept-console-error.js:56
[  146312ms] [LOG] {file: Object} @ webpack-internal:///(app-pages-browser)/./node_modules/next/dist/compiled/next-devtools/index.js:1630
[  164838ms] [ERROR] ./src/components/AppOrchestrator.tsx
Module parse failed: Identifier 'prevTierLabel' has already been declared (273:10)
|     ]);
|     // Watch stability tier crossings — log specific text with actual values
>     const prevTierLabel = useRef(getTier(stability).label);
|     const prevTierStability = useRef(stability);
|     useEffect({

Import trace for requested module:
./src/components/AppOrchestrator.tsx
./src/app/page.tsx @ webpack-internal:///(app-pages-browser)/./node_modules/next/dist/next-devtools/userspace/app/errors/intercept-console-error.js:56
[  164864ms] [LOG] {file: Object} @ webpack-internal:///(app-pages-browser)/./node_modules/next/dist/compiled/next-devtools/index.js:1630
[  168748ms] [LOG] [Fast Refresh] done in 23075ms @ webpack-internal:///(app-pages-browser)/./node_modules/next/dist/client/dev/report-hmr-latency.js:13
[  193838ms] [LOG] [Fast Refresh] rebuilding @ webpack-internal:///(app-pages-browser)/./node_modules/next/dist/client/dev/hot-reloader/app/hot-reloader-app.js:196
[  199566ms] [ERROR] The final argument passed to %s changed size between renders. The order and size of this array must remain constant.

Previous: %s
Incoming: %s useEffect [landing, [object Object], (text)=>{
            setObsQueue({
                "AppOrchestrator.useCallback[logAndObserve]": (q)=>[
                        ...q,
                        text
                    ]
            }["AppOrchestrator.useCallback[logAndObserve]"]);
            setState({
                "AppOrchestrator.useCallback[logAndObserve]": (prev)=>({
                        ...prev,
                        historianLog: [
                            ...prev.historianLog || [],
                            {
                                text,
                                ts: Date.now()
                            }
                        ]
                    })
            }["AppOrchestrator.useCallback[logAndObserve]"]);
        }] [landing, [object Object], , (text)=>{
            setObsQueue({
                "AppOrchestrator.useCallback[logAndObserve]": (q)=>[
                        ...q,
                        text
                    ]
            }["AppOrchestrator.useCallback[logAndObserve]"]);
            setState({
                "AppOrchestrator.useCallback[logAndObserve]": (prev)=>({
                        ...prev,
                        historianLog: [
                            ...prev.historianLog || [],
                            {
                                text,
                                ts: Date.now()
                            }
                        ]
                    })
            }["AppOrchestrator.useCallback[logAndObserve]"]);
        }] @ webpack-internal:///(app-pages-browser)/./node_modules/next/dist/next-devtools/userspace/app/errors/intercept-console-error.js:56
[  200175ms] [LOG] [Fast Refresh] done in 6337ms @ webpack-internal:///(app-pages-browser)/./node_modules/next/dist/client/dev/report-hmr-latency.js:13
