[    3936ms] [ERROR] Failed to load resource: the server responded with a status of 500 (Internal Server Error) @ http://localhost:3000/:0
[    4317ms] [INFO] %cDownload the React DevTools for a better development experience: https://reactjs.org/link/react-devtools font-weight:bold @ webpack-internal:///(pages-dir-browser)/./node_modules/react-dom/cjs/react-dom.development.js:29889
[    4418ms] Error: ENOENT: no such file or directory, open 'C:\Users\hmanito\Documents\linkedout\.next\server\vendor-chunks\next.js'
    at Object.readFileSync (node:fs:440:20)
    at defaultLoadImpl (node:internal/modules/cjs/loader:1148:17)
    at loadSource (node:internal/modules/cjs/loader:1838:20)
    at Object..js (node:internal/modules/cjs/loader:1936:44)
    at Module.load (node:internal/modules/cjs/loader:1533:32)
    at Module._load (node:internal/modules/cjs/loader:1335:12)
    at wrapModuleLoad (node:internal/modules/cjs/loader:255:19)
    at Module.<anonymous> (node:internal/modules/cjs/loader:1556:12)
    at mod.require (file://C:\Users\hmanito\Documents\linkedout\node_modules\next\dist\server\require-hook.js:68:28)
    at require (node:internal/modules/helpers:152:16)
    at __webpack_require__.f.require (file://C:\Users\hmanito\Documents\linkedout\.next\server\webpack-runtime.js:190:28)
    at <unknown> (file://C:\Users\hmanito\Documents\linkedout\.next\server\webpack-runtime.js:103:40)
    at Array.reduce (<anonymous>)
    at __webpack_require__.e (file://C:\Users\hmanito\Documents\linkedout\.next\server\webpack-runtime.js:102:67)
    at Array.map (<anonymous>)
    at __webpack_require__.X (file://C:\Users\hmanito\Documents\linkedout\.next\server\webpack-runtime.js:154:22)
    at <unknown> (file://C:\Users\hmanito\Documents\linkedout\.next\server\app\_not-found\page.js:227:47)
    at Object.<anonymous> (file://C:\Users\hmanito\Documents\linkedout\.next\server\app\_not-found\page.js:230:3)
    at Module._compile (node:internal/modules/cjs/loader:1812:14)
    at Object..js (node:internal/modules/cjs/loader:1943:10)
    at Module.load (node:internal/modules/cjs/loader:1533:32)
    at Module._load (node:internal/modules/cjs/loader:1335:12)
    at wrapModuleLoad (node:internal/modules/cjs/loader:255:19)
    at Module.<anonymous> (node:internal/modules/cjs/loader:1556:12)
    at mod.require (file://C:\Users\hmanito\Documents\linkedout\node_modules\next\dist\server\require-hook.js:68:28)
    at require (node:internal/modules/helpers:152:16)
    at requirePage (file://C:\Users\hmanito\Documents\linkedout\node_modules\next\dist\server\require.js:99:80)
    at loadComponentsImpl (file://C:\Users\hmanito\Documents\linkedout\node_modules\next\dist\server\load-components.js:132:57)
    at async DevServer.findPageComponentsImpl (file://C:\Users\hmanito\Documents\linkedout\node_modules\next\dist\server\next-server.js:900:36)
    at async DevServer.findPageComponents (file://C:\Users\hmanito\Documents\linkedout\node_modules\next\dist\server\dev\next-dev-server.js:706:16)
    at async DevServer.renderErrorToResponseImpl (file://C:\Users\hmanito\Documents\linkedout\node_modules\next\dist\server\base-server.js:1651:30)
    at async DevServer.pipeImpl (file://C:\Users\hmanito\Documents\linkedout\node_modules\next\dist\server\base-server.js:1026:25)
    at async NextNodeServer.handleCatchallRenderRequest (file://C:\Users\hmanito\Documents\linkedout\node_modules\next\dist\server\next-server.js:343:21)
    at async DevServer.handleRequestImpl (file://C:\Users\hmanito\Documents\linkedout\node_modules\next\dist\server\base-server.js:917:17)
    at async (file://C:\Users\hmanito\Documents\linkedout\node_modules\next\dist\server\dev\next-dev-server.js:400:20)
    at async Span.traceAsyncFn (file://C:\Users\hmanito\Documents\linkedout\node_modules\next\dist\trace\trace.js:157:20)
    at async DevServer.handleRequest (file://C:\Users\hmanito\Documents\linkedout\node_modules\next\dist\server\dev\next-dev-server.js:396:24)
    at async invokeRender (file://C:\Users\hmanito\Documents\linkedout\node_modules\next\dist\server\lib\router-server.js:240:21)
    at async handleRequest (file://C:\Users\hmanito\Documents\linkedout\node_modules\next\dist\server\lib\router-server.js:437:24)
    at async requestHandlerImpl (file://C:\Users\hmanito\Documents\linkedout\node_modules\next\dist\server\lib\router-server.js:485:13)
    at async Server.requestListener (file://C:\Users\hmanito\Documents\linkedout\node_modules\next\dist\server\lib\start-server.js:226:13)
[    4413ms] [LOG] [HMR] connected @ webpack-internal:///(pages-dir-browser)/./node_modules/next/dist/client/dev/hot-reloader/pages/websocket.js:45
[    4419ms] [ERROR] Failed to load resource: the server responded with a status of 404 (Not Found) @ http://localhost:3000/favicon.ico:0
