[    2596ms] [INFO] %cDownload the React DevTools for a better development experience: https://react.dev/link/react-devtools font-weight:bold @ webpack-internal:///(app-pages-browser)/./node_modules/next/dist/compiled/react-dom/cjs/react-dom-client.development.js:25630
[   44803ms] [LOG] [Fast Refresh] rebuilding @ webpack-internal:///(app-pages-browser)/./node_modules/next/dist/client/dev/hot-reloader/app/hot-reloader-app.js:196
[   47532ms] [LOG] [Fast Refresh] done in 2730ms @ webpack-internal:///(app-pages-browser)/./node_modules/next/dist/client/dev/report-hmr-latency.js:13
[   59165ms] [LOG] [Fast Refresh] rebuilding @ webpack-internal:///(app-pages-browser)/./node_modules/next/dist/client/dev/hot-reloader/app/hot-reloader-app.js:196
[   59924ms] [LOG] [Fast Refresh] done in 758ms @ webpack-internal:///(app-pages-browser)/./node_modules/next/dist/client/dev/report-hmr-latency.js:13
[  186088ms] [WARNING] You are trying to animate background from "rgb(240, 240, 240) none repeat scroll 0% 0% / auto padding-box border-box" to "transparent". rgb(240, 240, 240) none repeat scroll 0% 0% / auto padding-box border-box is not an animatable value - to enable this animation set rgb(240, 240, 240) none repeat scroll 0% 0% / auto padding-box border-box to a value animatable to transparent via the `style` property. @ webpack-internal:///(app-pages-browser)/./node_modules/motion-utils/dist/es/errors.mjs:13
[  190791ms] [WARNING] You are trying to animate background from "transparent" to "#e8c97e". transparent is not an animatable value - to enable this animation set transparent to a value animatable to #e8c97e via the `style` property. @ webpack-internal:///(app-pages-browser)/./node_modules/motion-utils/dist/es/errors.mjs:13
[  191725ms] [WARNING] You are trying to animate background from "#e8c97e" to "transparent". #e8c97e is not an animatable value - to enable this animation set #e8c97e to a value animatable to transparent via the `style` property. @ webpack-internal:///(app-pages-browser)/./node_modules/motion-utils/dist/es/errors.mjs:13
[  223546ms] [LOG] [Fast Refresh] rebuilding @ webpack-internal:///(app-pages-browser)/./node_modules/next/dist/client/dev/hot-reloader/app/hot-reloader-app.js:196
[  224942ms] [LOG] [Fast Refresh] done in 1396ms @ webpack-internal:///(app-pages-browser)/./node_modules/next/dist/client/dev/report-hmr-latency.js:13
[  234571ms] [WARNING] You are trying to animate background from "rgb(240, 240, 240) none repeat scroll 0% 0% / auto padding-box border-box" to "transparent". rgb(240, 240, 240) none repeat scroll 0% 0% / auto padding-box border-box is not an animatable value - to enable this animation set rgb(240, 240, 240) none repeat scroll 0% 0% / auto padding-box border-box to a value animatable to transparent via the `style` property. @ webpack-internal:///(app-pages-browser)/./node_modules/motion-utils/dist/es/errors.mjs:13
[  240854ms] [LOG] [Fast Refresh] rebuilding @ webpack-internal:///(app-pages-browser)/./node_modules/next/dist/client/dev/hot-reloader/app/hot-reloader-app.js:196
[  241342ms] [LOG] [Fast Refresh] done in 488ms @ webpack-internal:///(app-pages-browser)/./node_modules/next/dist/client/dev/report-hmr-latency.js:13
[  403859ms] [LOG] [Fast Refresh] rebuilding @ webpack-internal:///(app-pages-browser)/./node_modules/next/dist/client/dev/hot-reloader/app/hot-reloader-app.js:196
[  406452ms] [LOG] [Fast Refresh] done in 2594ms @ webpack-internal:///(app-pages-browser)/./node_modules/next/dist/client/dev/report-hmr-latency.js:13
[  417264ms] [LOG] [Fast Refresh] rebuilding @ webpack-internal:///(app-pages-browser)/./node_modules/next/dist/client/dev/hot-reloader/app/hot-reloader-app.js:196
[  418312ms] [LOG] [Fast Refresh] done in 1047ms @ webpack-internal:///(app-pages-browser)/./node_modules/next/dist/client/dev/report-hmr-latency.js:13
[  512267ms] [LOG] [Fast Refresh] rebuilding @ webpack-internal:///(app-pages-browser)/./node_modules/next/dist/client/dev/hot-reloader/app/hot-reloader-app.js:196
[  513465ms] [LOG] [Fast Refresh] done in 1198ms @ webpack-internal:///(app-pages-browser)/./node_modules/next/dist/client/dev/report-hmr-latency.js:13
[  570821ms] [LOG] [Fast Refresh] rebuilding @ webpack-internal:///(app-pages-browser)/./node_modules/next/dist/client/dev/hot-reloader/app/hot-reloader-app.js:196
[  571387ms] [LOG] [Fast Refresh] done in 566ms @ webpack-internal:///(app-pages-browser)/./node_modules/next/dist/client/dev/report-hmr-latency.js:13
[  730152ms] [WARNING] You are trying to animate background from "rgb(240, 240, 240) none repeat scroll 0% 0% / auto padding-box border-box" to "transparent". rgb(240, 240, 240) none repeat scroll 0% 0% / auto padding-box border-box is not an animatable value - to enable this animation set rgb(240, 240, 240) none repeat scroll 0% 0% / auto padding-box border-box to a value animatable to transparent via the `style` property. @ webpack-internal:///(app-pages-browser)/./node_modules/motion-utils/dist/es/errors.mjs:13
[  746020ms] [WARNING] You are trying to animate background from "rgb(240, 240, 240) none repeat scroll 0% 0% / auto padding-box border-box" to "transparent". rgb(240, 240, 240) none repeat scroll 0% 0% / auto padding-box border-box is not an animatable value - to enable this animation set rgb(240, 240, 240) none repeat scroll 0% 0% / auto padding-box border-box to a value animatable to transparent via the `style` property. @ webpack-internal:///(app-pages-browser)/./node_modules/motion-utils/dist/es/errors.mjs:13
[  749106ms] [WARNING] You are trying to animate background from "transparent" to "#e8c97e". transparent is not an animatable value - to enable this animation set transparent to a value animatable to #e8c97e via the `style` property. @ webpack-internal:///(app-pages-browser)/./node_modules/motion-utils/dist/es/errors.mjs:13
[  749994ms] [WARNING] You are trying to animate background from "#e8c97e" to "transparent". #e8c97e is not an animatable value - to enable this animation set #e8c97e to a value animatable to transparent via the `style` property. @ webpack-internal:///(app-pages-browser)/./node_modules/motion-utils/dist/es/errors.mjs:13
[  755960ms] [LOG] [Fast Refresh] rebuilding @ webpack-internal:///(app-pages-browser)/./node_modules/next/dist/client/dev/hot-reloader/app/hot-reloader-app.js:196
[  757157ms] [LOG] [Fast Refresh] done in 1198ms @ webpack-internal:///(app-pages-browser)/./node_modules/next/dist/client/dev/report-hmr-latency.js:13
[  773855ms] [WARNING] You are trying to animate background from "rgb(240, 240, 240) none repeat scroll 0% 0% / auto padding-box border-box" to "transparent". rgb(240, 240, 240) none repeat scroll 0% 0% / auto padding-box border-box is not an animatable value - to enable this animation set rgb(240, 240, 240) none repeat scroll 0% 0% / auto padding-box border-box to a value animatable to transparent via the `style` property. @ webpack-internal:///(app-pages-browser)/./node_modules/motion-utils/dist/es/errors.mjs:13
[  786852ms] [WARNING] You are trying to animate background from "rgb(240, 240, 240) none repeat scroll 0% 0% / auto padding-box border-box" to "transparent". rgb(240, 240, 240) none repeat scroll 0% 0% / auto padding-box border-box is not an animatable value - to enable this animation set rgb(240, 240, 240) none repeat scroll 0% 0% / auto padding-box border-box to a value animatable to transparent via the `style` property. @ webpack-internal:///(app-pages-browser)/./node_modules/motion-utils/dist/es/errors.mjs:13
[  791862ms] [WARNING] You are trying to animate background from "transparent" to "#e8c97e". transparent is not an animatable value - to enable this animation set transparent to a value animatable to #e8c97e via the `style` property. @ webpack-internal:///(app-pages-browser)/./node_modules/motion-utils/dist/es/errors.mjs:13
[  792680ms] [WARNING] You are trying to animate background from "#e8c97e" to "transparent". #e8c97e is not an animatable value - to enable this animation set #e8c97e to a value animatable to transparent via the `style` property. @ webpack-internal:///(app-pages-browser)/./node_modules/motion-utils/dist/es/errors.mjs:13
[  887891ms] [LOG] [Fast Refresh] rebuilding @ webpack-internal:///(app-pages-browser)/./node_modules/next/dist/client/dev/hot-reloader/app/hot-reloader-app.js:196
[  890445ms] [LOG] [Fast Refresh] done in 2554ms @ webpack-internal:///(app-pages-browser)/./node_modules/next/dist/client/dev/report-hmr-latency.js:13
[  899723ms] [LOG] [Fast Refresh] rebuilding @ webpack-internal:///(app-pages-browser)/./node_modules/next/dist/client/dev/hot-reloader/app/hot-reloader-app.js:196
[  902507ms] [LOG] [Fast Refresh] done in 2784ms @ webpack-internal:///(app-pages-browser)/./node_modules/next/dist/client/dev/report-hmr-latency.js:13
[  912011ms] [LOG] [Fast Refresh] rebuilding @ webpack-internal:///(app-pages-browser)/./node_modules/next/dist/client/dev/hot-reloader/app/hot-reloader-app.js:196
[  913142ms] [LOG] [Fast Refresh] done in 1131ms @ webpack-internal:///(app-pages-browser)/./node_modules/next/dist/client/dev/report-hmr-latency.js:13
[  921967ms] [LOG] [Fast Refresh] rebuilding @ webpack-internal:///(app-pages-browser)/./node_modules/next/dist/client/dev/hot-reloader/app/hot-reloader-app.js:196
[  922227ms] [LOG] [Fast Refresh] done in 260ms @ webpack-internal:///(app-pages-browser)/./node_modules/next/dist/client/dev/report-hmr-latency.js:13
[  930741ms] [LOG] [Fast Refresh] rebuilding @ webpack-internal:///(app-pages-browser)/./node_modules/next/dist/client/dev/hot-reloader/app/hot-reloader-app.js:196
[  931125ms] [LOG] [Fast Refresh] done in 385ms @ webpack-internal:///(app-pages-browser)/./node_modules/next/dist/client/dev/report-hmr-latency.js:13
[  954207ms] [LOG] [Fast Refresh] rebuilding @ webpack-internal:///(app-pages-browser)/./node_modules/next/dist/client/dev/hot-reloader/app/hot-reloader-app.js:196
[  954858ms] [LOG] [Fast Refresh] done in 652ms @ webpack-internal:///(app-pages-browser)/./node_modules/next/dist/client/dev/report-hmr-latency.js:13
[  980970ms] [LOG] [Fast Refresh] rebuilding @ webpack-internal:///(app-pages-browser)/./node_modules/next/dist/client/dev/hot-reloader/app/hot-reloader-app.js:196
[  984903ms] [LOG] [Fast Refresh] done in 3932ms @ webpack-internal:///(app-pages-browser)/./node_modules/next/dist/client/dev/report-hmr-latency.js:13
[  987651ms] [WARNING] You are trying to animate background from "rgb(240, 240, 240) none repeat scroll 0% 0% / auto padding-box border-box" to "transparent". rgb(240, 240, 240) none repeat scroll 0% 0% / auto padding-box border-box is not an animatable value - to enable this animation set rgb(240, 240, 240) none repeat scroll 0% 0% / auto padding-box border-box to a value animatable to transparent via the `style` property. @ webpack-internal:///(app-pages-browser)/./node_modules/motion-utils/dist/es/errors.mjs:13
[ 1004903ms] [WARNING] You are trying to animate background from "rgb(240, 240, 240) none repeat scroll 0% 0% / auto padding-box border-box" to "transparent". rgb(240, 240, 240) none repeat scroll 0% 0% / auto padding-box border-box is not an animatable value - to enable this animation set rgb(240, 240, 240) none repeat scroll 0% 0% / auto padding-box border-box to a value animatable to transparent via the `style` property. @ webpack-internal:///(app-pages-browser)/./node_modules/motion-utils/dist/es/errors.mjs:13
[ 1020906ms] [WARNING] You are trying to animate background from "rgb(240, 240, 240) none repeat scroll 0% 0% / auto padding-box border-box" to "transparent". rgb(240, 240, 240) none repeat scroll 0% 0% / auto padding-box border-box is not an animatable value - to enable this animation set rgb(240, 240, 240) none repeat scroll 0% 0% / auto padding-box border-box to a value animatable to transparent via the `style` property. @ webpack-internal:///(app-pages-browser)/./node_modules/motion-utils/dist/es/errors.mjs:13
[ 1029156ms] [WARNING] You are trying to animate background from "rgb(240, 240, 240) none repeat scroll 0% 0% / auto padding-box border-box" to "transparent". rgb(240, 240, 240) none repeat scroll 0% 0% / auto padding-box border-box is not an animatable value - to enable this animation set rgb(240, 240, 240) none repeat scroll 0% 0% / auto padding-box border-box to a value animatable to transparent via the `style` property. @ webpack-internal:///(app-pages-browser)/./node_modules/motion-utils/dist/es/errors.mjs:13
